python : EE
At line:1 char:22
+ ... ONPATH="."; python tes
ts/test_analytics_logic.py 
> test_output.txt 2> ...
+                 ~~~~~~~~~~
~~~~~~~~~~~~~~~~~~~~~~~~~~~~
~~~~~~~~~~~~~~~~~~~
    + CategoryInfo          
    : NotSpecified: (EE:St  
  ring) [], RemoteExcepti   
 on
    + FullyQualifiedErrorId 
    : NativeCommandError
 
============================
============================
==============
ERROR: 
test_attempts_summary (__mai
n__.TestAnalyticsLogic.test_
attempts_summary)
----------------------------
----------------------------
--------------
Traceback (most recent call 
last):
  File "C:\Users\sadis\AppDa
ta\Local\Programs\Python\Pyt
hon313\Lib\site-packages\sql
alchemy\engine\base.py", 
line 1910, in 
_execute_context
    self.dialect.do_execute(
    ~~~~~~~~~~~~~~~~~~~~~~~^
        cursor, statement, 
parameters, context
        ^^^^^^^^^^^^^^^^^^^^
^^^^^^^^^^^^^^^^^^
    )
    ^
  File "C:\Users\sadis\AppDa
ta\Local\Programs\Python\Pyt
hon313\Lib\site-packages\sql
alchemy\engine\default.py", 
line 736, in do_execute
    
cursor.execute(statement, 
parameters)
    ~~~~~~~~~~~~~~^^^^^^^^^^
^^^^^^^^^^^^^
psycopg2.errors.UndefinedCol
umn: column 
"service_fee_percent" of 
relation "organizations" 
does not exist
LINE 1: ..., slug, 
is_active, website, 
industry, gst_number, 
service_fe...
                            
                            
     ^


The above exception was the 
direct cause of the 
following exception:

Traceback (most recent call 
last):
  File "C:\Users\sadis\OneDr
ive\Desktop\Tinko full\tinko
-backend-clean\tests\test_an
alytics_logic.py", line 32, 
in setUp
    raise e
  File "C:\Users\sadis\OneDr
ive\Desktop\Tinko full\tinko
-backend-clean\tests\test_an
alytics_logic.py", line 24, 
in setUp
    self.db.commit()
    ~~~~~~~~~~~~~~^^
  File "C:\Users\sadis\AppDa
ta\Local\Programs\Python\Pyt
hon313\Lib\site-packages\sql
alchemy\orm\session.py", 
line 1454, in commit
    self._transaction.commit
(_to_root=self.future)
    ~~~~~~~~~~~~~~~~~~~~~~~~
^^^^^^^^^^^^^^^^^^^^^^
  File "C:\Users\sadis\AppDa
ta\Local\Programs\Python\Pyt
hon313\Lib\site-packages\sql
alchemy\orm\session.py", 
line 832, in commit
    self._prepare_impl()
    ~~~~~~~~~~~~~~~~~~^^
  File "C:\Users\sadis\AppDa
ta\Local\Programs\Python\Pyt
hon313\Lib\site-packages\sql
alchemy\orm\session.py", 
line 811, in _prepare_impl
    self.session.flush()
    ~~~~~~~~~~~~~~~~~~^^
  File "C:\Users\sadis\AppDa
ta\Local\Programs\Python\Pyt
hon313\Lib\site-packages\sql
alchemy\orm\session.py", 
line 3449, in flush
    self._flush(objects)
    ~~~~~~~~~~~^^^^^^^^^
  File "C:\Users\sadis\AppDa
ta\Local\Programs\Python\Pyt
hon313\Lib\site-packages\sql
alchemy\orm\session.py", 
line 3588, in _flush
    with 
util.safe_reraise():
         ~~~~~~~~~~~~~~~~~^^
  File "C:\Users\sadis\AppDa
ta\Local\Programs\Python\Pyt
hon313\Lib\site-packages\sql
alchemy\util\langhelpers.py"
, line 70, in __exit__
    compat.raise_(
    ~~~~~~~~~~~~~^
        exc_value,
        ^^^^^^^^^^
        
with_traceback=exc_tb,
        
^^^^^^^^^^^^^^^^^^^^^^
    )
    ^
  File "C:\Users\sadis\AppDa
ta\Local\Programs\Python\Pyt
hon313\Lib\site-packages\sql
alchemy\util\compat.py", 
line 211, in raise_
    raise exception
  File "C:\Users\sadis\AppDa
ta\Local\Programs\Python\Pyt
hon313\Lib\site-packages\sql
alchemy\orm\session.py", 
line 3549, in _flush
    flush_context.execute()
    ~~~~~~~~~~~~~~~~~~~~~^^
  File "C:\Users\sadis\AppDa
ta\Local\Programs\Python\Pyt
hon313\Lib\site-packages\sql
alchemy\orm\unitofwork.py", 
line 456, in execute
    rec.execute(self)
    ~~~~~~~~~~~^^^^^^
  File "C:\Users\sadis\AppDa
ta\Local\Programs\Python\Pyt
hon313\Lib\site-packages\sql
alchemy\orm\unitofwork.py", 
line 630, in execute
    util.preloaded.orm_persi
stence.save_obj(
    ~~~~~~~~~~~~~~~~~~~~~~~~
~~~~~~~~~~~~~~~^
        self.mapper,
        ^^^^^^^^^^^^
        uow.states_for_mappe
r_hierarchy(self.mapper, 
False, False),
        ^^^^^^^^^^^^^^^^^^^^
^^^^^^^^^^^^^^^^^^^^^^^^^^^^
^^^^^^^^^^^
        uow,
        ^^^^
    )
    ^
  File "C:\Users\sadis\AppDa
ta\Local\Programs\Python\Pyt
hon313\Lib\site-packages\sql
alchemy\orm\persistence.py",
 line 245, in save_obj
    _emit_insert_statements(
    ~~~~~~~~~~~~~~~~~~~~~~~^
        base_mapper,
        ^^^^^^^^^^^^
    ...<3 lines>...
        insert,
        ^^^^^^^
    )
    ^
  File "C:\Users\sadis\AppDa
ta\Local\Programs\Python\Pyt
hon313\Lib\site-packages\sql
alchemy\orm\persistence.py",
 line 1238, in 
_emit_insert_statements
    result = 
connection._execute_20(
        statement,
        params,
        execution_options=ex
ecution_options,
    )
  File "C:\Users\sadis\AppDa
ta\Local\Programs\Python\Pyt
hon313\Lib\site-packages\sql
alchemy\engine\base.py", 
line 1710, in _execute_20
    return meth(self, 
args_10style, 
kwargs_10style, 
execution_options)
  File "C:\Users\sadis\AppDa
ta\Local\Programs\Python\Pyt
hon313\Lib\site-packages\sql
alchemy\sql\elements.py", 
line 334, in 
_execute_on_connection
    return connection._execu
te_clauseelement(
           ~~~~~~~~~~~~~~~~~
~~~~~~~~~~~~~~~~^
        self, multiparams, 
params, execution_options
        ^^^^^^^^^^^^^^^^^^^^
^^^^^^^^^^^^^^^^^^^^^^^^
    )
    ^
  File "C:\Users\sadis\AppDa
ta\Local\Programs\Python\Pyt
hon313\Lib\site-packages\sql
alchemy\engine\base.py", 
line 1577, in 
_execute_clauseelement
    ret = 
self._execute_context(
        dialect,
    ...<8 lines>...
        cache_hit=cache_hit,
    )
  File "C:\Users\sadis\AppDa
ta\Local\Programs\Python\Pyt
hon313\Lib\site-packages\sql
alchemy\engine\base.py", 
line 1953, in 
_execute_context
    self._handle_dbapi_excep
tion(
    ~~~~~~~~~~~~~~~~~~~~~~~~
~~~~^
        e, statement, 
parameters, cursor, context
        ^^^^^^^^^^^^^^^^^^^^
^^^^^^^^^^^^^^^^^^^^^
    )
    ^
  File "C:\Users\sadis\AppDa
ta\Local\Programs\Python\Pyt
hon313\Lib\site-packages\sql
alchemy\engine\base.py", 
line 2134, in 
_handle_dbapi_exception
    util.raise_(
    ~~~~~~~~~~~^
        
sqlalchemy_exception, 
with_traceback=exc_info[2], 
from_=e
        ^^^^^^^^^^^^^^^^^^^^
^^^^^^^^^^^^^^^^^^^^^^^^^^^^
^^^^^^^^^
    )
    ^
  File "C:\Users\sadis\AppDa
ta\Local\Programs\Python\Pyt
hon313\Lib\site-packages\sql
alchemy\util\compat.py", 
line 211, in raise_
    raise exception
  File "C:\Users\sadis\AppDa
ta\Local\Programs\Python\Pyt
hon313\Lib\site-packages\sql
alchemy\engine\base.py", 
line 1910, in 
_execute_context
    self.dialect.do_execute(
    ~~~~~~~~~~~~~~~~~~~~~~~^
        cursor, statement, 
parameters, context
        ^^^^^^^^^^^^^^^^^^^^
^^^^^^^^^^^^^^^^^^
    )
    ^
  File "C:\Users\sadis\AppDa
ta\Local\Programs\Python\Pyt
hon313\Lib\site-packages\sql
alchemy\engine\default.py", 
line 736, in do_execute
    
cursor.execute(statement, 
parameters)
    ~~~~~~~~~~~~~~^^^^^^^^^^
^^^^^^^^^^^^^
sqlalchemy.exc.ProgrammingEr
ror: (psycopg2.errors.Undefi
nedColumn) column 
"service_fee_percent" of 
relation "organizations" 
does not exist
LINE 1: ..., slug, 
is_active, website, 
industry, gst_number, 
service_fe...
                            
                            
     ^

[SQL: INSERT INTO 
organizations (name, slug, 
is_active, website, 
industry, gst_number, 
service_fee_percent, 
service_fee_fixed, 
payment_gateways, 
monthly_volume, 
recovery_channels, 
business_size, monthly_gmv, 
recovery_destination, 
gateway_credentials, 
brand_name, support_email, 
reply_to_email, logo_url, 
team_contacts, 
billing_email) VALUES 
(%(name)s, %(slug)s, 
%(is_active)s, %(website)s, 
%(industry)s, 
%(gst_number)s, 
%(service_fee_percent)s, 
%(service_fee_fixed)s, 
%(payment_gateways)s, 
%(monthly_volume)s, 
%(recovery_channels)s, 
%(business_size)s, 
%(monthly_gmv)s, 
%(recovery_destination)s, 
%(gateway_credentials)s, 
%(brand_name)s, 
%(support_email)s, 
%(reply_to_email)s, 
%(logo_url)s, 
%(team_contacts)s, 
%(billing_email)s) 
RETURNING organizations.id]
[parameters: {'name': 
'Analytics Test Org 
a793f412', 'slug': 
'analytics-test-a793f412', 
'is_active': True, 
'website': None, 
'industry': None, 
'gst_number': None, 
'service_fee_percent': 2.0, 
'service_fee_fixed': 30, 
'payment_gateways': '[]', 
'monthly_volume': None, 
'recovery_channels': '[]', 
'business_size': None, 
'monthly_gmv': None, 
'recovery_destination': 
'customer', 
'gateway_credentials': 
'{}', 'brand_name': None, 
'support_email': None, 
'reply_to_email': None, 
'logo_url': None, 
'team_contacts': '{}', 
'billing_email': None}]
(Background on this error 
at: https://sqlalche.me/e/14
/f405)

============================
============================
==============
ERROR: 
test_revenue_recovered (__ma
in__.TestAnalyticsLogic.test
_revenue_recovered)
----------------------------
----------------------------
--------------
Traceback (most recent call 
last):
  File "C:\Users\sadis\AppDa
ta\Local\Programs\Python\Pyt
hon313\Lib\site-packages\sql
alchemy\engine\base.py", 
line 1910, in 
_execute_context
    self.dialect.do_execute(
    ~~~~~~~~~~~~~~~~~~~~~~~^
        cursor, statement, 
parameters, context
        ^^^^^^^^^^^^^^^^^^^^
^^^^^^^^^^^^^^^^^^
    )
    ^
  File "C:\Users\sadis\AppDa
ta\Local\Programs\Python\Pyt
hon313\Lib\site-packages\sql
alchemy\engine\default.py", 
line 736, in do_execute
    
cursor.execute(statement, 
parameters)
    ~~~~~~~~~~~~~~^^^^^^^^^^
^^^^^^^^^^^^^
psycopg2.errors.UndefinedCol
umn: column 
"service_fee_percent" of 
relation "organizations" 
does not exist
LINE 1: ..., slug, 
is_active, website, 
industry, gst_number, 
service_fe...
                            
                            
     ^


The above exception was the 
direct cause of the 
following exception:

Traceback (most recent call 
last):
  File "C:\Users\sadis\OneDr
ive\Desktop\Tinko full\tinko
-backend-clean\tests\test_an
alytics_logic.py", line 32, 
in setUp
    raise e
  File "C:\Users\sadis\OneDr
ive\Desktop\Tinko full\tinko
-backend-clean\tests\test_an
alytics_logic.py", line 24, 
in setUp
    self.db.commit()
    ~~~~~~~~~~~~~~^^
  File "C:\Users\sadis\AppDa
ta\Local\Programs\Python\Pyt
hon313\Lib\site-packages\sql
alchemy\orm\session.py", 
line 1454, in commit
    self._transaction.commit
(_to_root=self.future)
    ~~~~~~~~~~~~~~~~~~~~~~~~
^^^^^^^^^^^^^^^^^^^^^^
  File "C:\Users\sadis\AppDa
ta\Local\Programs\Python\Pyt
hon313\Lib\site-packages\sql
alchemy\orm\session.py", 
line 832, in commit
    self._prepare_impl()
    ~~~~~~~~~~~~~~~~~~^^
  File "C:\Users\sadis\AppDa
ta\Local\Programs\Python\Pyt
hon313\Lib\site-packages\sql
alchemy\orm\session.py", 
line 811, in _prepare_impl
    self.session.flush()
    ~~~~~~~~~~~~~~~~~~^^
  File "C:\Users\sadis\AppDa
ta\Local\Programs\Python\Pyt
hon313\Lib\site-packages\sql
alchemy\orm\session.py", 
line 3449, in flush
    self._flush(objects)
    ~~~~~~~~~~~^^^^^^^^^
  File "C:\Users\sadis\AppDa
ta\Local\Programs\Python\Pyt
hon313\Lib\site-packages\sql
alchemy\orm\session.py", 
line 3588, in _flush
    with 
util.safe_reraise():
         ~~~~~~~~~~~~~~~~~^^
  File "C:\Users\sadis\AppDa
ta\Local\Programs\Python\Pyt
hon313\Lib\site-packages\sql
alchemy\util\langhelpers.py"
, line 70, in __exit__
    compat.raise_(
    ~~~~~~~~~~~~~^
        exc_value,
        ^^^^^^^^^^
        
with_traceback=exc_tb,
        
^^^^^^^^^^^^^^^^^^^^^^
    )
    ^
  File "C:\Users\sadis\AppDa
ta\Local\Programs\Python\Pyt
hon313\Lib\site-packages\sql
alchemy\util\compat.py", 
line 211, in raise_
    raise exception
  File "C:\Users\sadis\AppDa
ta\Local\Programs\Python\Pyt
hon313\Lib\site-packages\sql
alchemy\orm\session.py", 
line 3549, in _flush
    flush_context.execute()
    ~~~~~~~~~~~~~~~~~~~~~^^
  File "C:\Users\sadis\AppDa
ta\Local\Programs\Python\Pyt
hon313\Lib\site-packages\sql
alchemy\orm\unitofwork.py", 
line 456, in execute
    rec.execute(self)
    ~~~~~~~~~~~^^^^^^
  File "C:\Users\sadis\AppDa
ta\Local\Programs\Python\Pyt
hon313\Lib\site-packages\sql
alchemy\orm\unitofwork.py", 
line 630, in execute
    util.preloaded.orm_persi
stence.save_obj(
    ~~~~~~~~~~~~~~~~~~~~~~~~
~~~~~~~~~~~~~~~^
        self.mapper,
        ^^^^^^^^^^^^
        uow.states_for_mappe
r_hierarchy(self.mapper, 
False, False),
        ^^^^^^^^^^^^^^^^^^^^
^^^^^^^^^^^^^^^^^^^^^^^^^^^^
^^^^^^^^^^^
        uow,
        ^^^^
    )
    ^
  File "C:\Users\sadis\AppDa
ta\Local\Programs\Python\Pyt
hon313\Lib\site-packages\sql
alchemy\orm\persistence.py",
 line 245, in save_obj
    _emit_insert_statements(
    ~~~~~~~~~~~~~~~~~~~~~~~^
        base_mapper,
        ^^^^^^^^^^^^
    ...<3 lines>...
        insert,
        ^^^^^^^
    )
    ^
  File "C:\Users\sadis\AppDa
ta\Local\Programs\Python\Pyt
hon313\Lib\site-packages\sql
alchemy\orm\persistence.py",
 line 1238, in 
_emit_insert_statements
    result = 
connection._execute_20(
        statement,
        params,
        execution_options=ex
ecution_options,
    )
  File "C:\Users\sadis\AppDa
ta\Local\Programs\Python\Pyt
hon313\Lib\site-packages\sql
alchemy\engine\base.py", 
line 1710, in _execute_20
    return meth(self, 
args_10style, 
kwargs_10style, 
execution_options)
  File "C:\Users\sadis\AppDa
ta\Local\Programs\Python\Pyt
hon313\Lib\site-packages\sql
alchemy\sql\elements.py", 
line 334, in 
_execute_on_connection
    return connection._execu
te_clauseelement(
           ~~~~~~~~~~~~~~~~~
~~~~~~~~~~~~~~~~^
        self, multiparams, 
params, execution_options
        ^^^^^^^^^^^^^^^^^^^^
^^^^^^^^^^^^^^^^^^^^^^^^
    )
SETUP ERROR: (psycopg2.errors.UndefinedColumn) column "service_fee_percent" of relation "organizations" does not exist
LINE 1: ..., slug, is_active, website, industry, gst_number, service_fe...
                                                             ^

[SQL: INSERT INTO organizations (name, slug, is_active, website, industry, gst_number, service_fee_percent, service_fee_fixed, payment_gateways, monthly_volume, recovery_channels, business_size, monthly_gmv, recovery_destination, gateway_credentials, brand_name, support_email, reply_to_email, logo_url, team_contacts, billing_email) VALUES (%(name)s, %(slug)s, %(is_active)s, %(website)s, %(industry)s, %(gst_number)s, %(service_fee_percent)s, %(service_fee_fixed)s, %(payment_gateways)s, %(monthly_volume)s, %(recovery_channels)s, %(business_size)s, %(monthly_gmv)s, %(recovery_destination)s, %(gateway_credentials)s, %(brand_name)s, %(support_email)s, %(reply_to_email)s, %(logo_url)s, %(team_contacts)s, %(billing_email)s) RETURNING organizations.id]
[parameters: {'name': 'Analytics Test Org a793f412', 'slug': 'analytics-test-a793f412', 'is_active': True, 'website': None, 'industry': None, 'gst_number': None, 'service_fee_percent': 2.0, 'service_fee_fixed': 30, 'payment_gateways': '[]', 'monthly_volume': None, 'recovery_channels': '[]', 'business_size': None, 'monthly_gmv': None, 'recovery_destination': 'customer', 'gateway_credentials': '{}', 'brand_name': None, 'support_email': None, 'reply_to_email': None, 'logo_url': None, 'team_contacts': '{}', 'billing_email': None}]
(Background on this error at: https://sqlalche.me/e/14/f405)
SETUP ERROR: (psycopg2.errors.UndefinedColumn) column "service_fee_percent" of relation "organizations" does not exist
LINE 1: ..., slug, is_active, website, industry, gst_number, service_fe...
                                                             ^

[SQL: INSERT INTO organizations (name, slug, is_active, website, industry, gst_number, service_fee_percent, service_fee_fixed, payment_gateways, monthly_volume, recovery_channels, business_size, monthly_gmv, recovery_destination, gateway_credentials, brand_name, support_email, reply_to_email, logo_url, team_contacts, billing_email) VALUES (%(name)s, %(slug)s, %(is_active)s, %(website)s, %(industry)s, %(gst_number)s, %(service_fee_percent)s, %(service_fee_fixed)s, %(payment_gateways)s, %(monthly_volume)s, %(recovery_channels)s, %(business_size)s, %(monthly_gmv)s, %(recovery_destination)s, %(gateway_credentials)s, %(brand_name)s, %(support_email)s, %(reply_to_email)s, %(logo_url)s, %(team_contacts)s, %(billing_email)s) RETURNING organizations.id]
[parameters: {'name': 'Analytics Test Org 9b13af03', 'slug': 'analytics-test-9b13af03', 'is_active': True, 'website': None, 'industry': None, 'gst_number': None, 'service_fee_percent': 2.0, 'service_fee_fixed': 30, 'payment_gateways': '[]', 'monthly_volume': None, 'recovery_channels': '[]', 'business_size': None, 'monthly_gmv': None, 'recovery_destination': 'customer', 'gateway_credentials': '{}', 'brand_name': None, 'support_email': None, 'reply_to_email': None, 'logo_url': None, 'team_contacts': '{}', 'billing_email': None}]
(Background on this error at: https://sqlalche.me/e/14/f405)
    ^
  File "C:\Users\sadis\AppDa
ta\Local\Programs\Python\Pyt
hon313\Lib\site-packages\sql
alchemy\engine\base.py", 
line 1577, in 
_execute_clauseelement
    ret = 
self._execute_context(
        dialect,
    ...<8 lines>...
        cache_hit=cache_hit,
    )
  File "C:\Users\sadis\AppDa
ta\Local\Programs\Python\Pyt
hon313\Lib\site-packages\sql
alchemy\engine\base.py", 
line 1953, in 
_execute_context
    self._handle_dbapi_excep
tion(
    ~~~~~~~~~~~~~~~~~~~~~~~~
~~~~^
        e, statement, 
parameters, cursor, context
        ^^^^^^^^^^^^^^^^^^^^
^^^^^^^^^^^^^^^^^^^^^
    )
    ^
  File "C:\Users\sadis\AppDa
ta\Local\Programs\Python\Pyt
hon313\Lib\site-packages\sql
alchemy\engine\base.py", 
line 2134, in 
_handle_dbapi_exception
    util.raise_(
    ~~~~~~~~~~~^
        
sqlalchemy_exception, 
with_traceback=exc_info[2], 
from_=e
        ^^^^^^^^^^^^^^^^^^^^
^^^^^^^^^^^^^^^^^^^^^^^^^^^^
^^^^^^^^^
    )
    ^
  File "C:\Users\sadis\AppDa
ta\Local\Programs\Python\Pyt
hon313\Lib\site-packages\sql
alchemy\util\compat.py", 
line 211, in raise_
    raise exception
  File "C:\Users\sadis\AppDa
ta\Local\Programs\Python\Pyt
hon313\Lib\site-packages\sql
alchemy\engine\base.py", 
line 1910, in 
_execute_context
    self.dialect.do_execute(
    ~~~~~~~~~~~~~~~~~~~~~~~^
        cursor, statement, 
parameters, context
        ^^^^^^^^^^^^^^^^^^^^
^^^^^^^^^^^^^^^^^^
    )
    ^
  File "C:\Users\sadis\AppDa
ta\Local\Programs\Python\Pyt
hon313\Lib\site-packages\sql
alchemy\engine\default.py", 
line 736, in do_execute
    
cursor.execute(statement, 
parameters)
    ~~~~~~~~~~~~~~^^^^^^^^^^
^^^^^^^^^^^^^
sqlalchemy.exc.ProgrammingEr
ror: (psycopg2.errors.Undefi
nedColumn) column 
"service_fee_percent" of 
relation "organizations" 
does not exist
LINE 1: ..., slug, 
is_active, website, 
industry, gst_number, 
service_fe...
                            
                            
     ^

[SQL: INSERT INTO 
organizations (name, slug, 
is_active, website, 
industry, gst_number, 
service_fee_percent, 
service_fee_fixed, 
payment_gateways, 
monthly_volume, 
recovery_channels, 
business_size, monthly_gmv, 
recovery_destination, 
gateway_credentials, 
brand_name, support_email, 
reply_to_email, logo_url, 
team_contacts, 
billing_email) VALUES 
(%(name)s, %(slug)s, 
%(is_active)s, %(website)s, 
%(industry)s, 
%(gst_number)s, 
%(service_fee_percent)s, 
%(service_fee_fixed)s, 
%(payment_gateways)s, 
%(monthly_volume)s, 
%(recovery_channels)s, 
%(business_size)s, 
%(monthly_gmv)s, 
%(recovery_destination)s, 
%(gateway_credentials)s, 
%(brand_name)s, 
%(support_email)s, 
%(reply_to_email)s, 
%(logo_url)s, 
%(team_contacts)s, 
%(billing_email)s) 
RETURNING organizations.id]
[parameters: {'name': 
'Analytics Test Org 
9b13af03', 'slug': 
'analytics-test-9b13af03', 
'is_active': True, 
'website': None, 
'industry': None, 
'gst_number': None, 
'service_fee_percent': 2.0, 
'service_fee_fixed': 30, 
'payment_gateways': '[]', 
'monthly_volume': None, 
'recovery_channels': '[]', 
'business_size': None, 
'monthly_gmv': None, 
'recovery_destination': 
'customer', 
'gateway_credentials': 
'{}', 'brand_name': None, 
'support_email': None, 
'reply_to_email': None, 
'logo_url': None, 
'team_contacts': '{}', 
'billing_email': None}]
(Background on this error 
at: https://sqlalche.me/e/14
/f405)

----------------------------
----------------------------
--------------
Ran 2 tests in 1.697s

FAILED (errors=2)
