Starting Gateway Verification...
Creating test user: test_gw_1764389813@tinko.in
User creation skipped/failed (might exist): {"detail":"Not Found"}
Logging in...
Login failed: {"detail":"Not Found"}
